]0;~/Google Drive/r_packages/flipbookr[?1034hEvangelines-MacBook-Air:flipbookr evangelinereynolds$ [KEvangelines-MacBook-Air:flipbookr evangelinereynolds$ [KEvangelines-MacBook-Air:flipbookr evangelinereynolds$ git pushcommit -m "added numeric clean up for date"push[K[K[KEvangelines-MacBook-Air:flipbookr evangelinereynolds$ git co[K[Kadd .
fatal: Not a git repository (or any of the parent directories): .git
]0;~/Google Drive/r_packages/flipbookrEvangelines-MacBook-Air:flipbookr evangelinereynolds$ gi t[K[Kt commit -m "trying to move[K[Kve to a package"
fatal: Not a git repository (or any of the parent directories): .git
]0;~/Google Drive/r_packages/flipbookrEvangelines-MacBook-Air:flipbookr evangelinereynolds$ ut[Ksethis[K[K[K[K[K[K[Kgit init
Initialized empty Git repository in /Users/evangelinereynolds/Google Drive/r_packages/flipbookr/.git/
]0;~/Google Drive/r_packages/flipbookrEvangelines-MacBook-Air:flipbookr evangelinereynolds$ [KEvangelines-MacBook-Air:flipbookr evangelinereynolds$ git commit -m "first commit"[K[K[K[K[K[K[K[K[K[K[K[K[K[K[K[K[K[K[K[K[K[K[K[Kadd. [K[K[K [Kd .
]0;~/Google Drive/r_packages/flipbookrEvangelines-MacBook-Air:flipbookr evangelinereynolds$ git commit -m "first commit"
[master (root-commit) c30d53b] first commit
 57 files changed, 2354 insertions(+)
 create mode 100644 .Rbuildignore
 create mode 100644 .Rproj.user/C3865889/console06/FF5B13BD
 create mode 100644 .Rproj.user/C3865889/console06/FF5B13BD.env
 create mode 100644 .Rproj.user/C3865889/console06/INDEX001
 create mode 100644 .Rproj.user/C3865889/cpp-definition-cache
 create mode 100644 .Rproj.user/C3865889/pcs/files-pane.pper
 create mode 100644 .Rproj.user/C3865889/pcs/source-pane.pper
 create mode 100644 .Rproj.user/C3865889/pcs/windowlayoutstate.pper
 create mode 100644 .Rproj.user/C3865889/pcs/workbench-pane.pper
 create mode 100644 .Rproj.user/C3865889/rmd-outputs
 create mode 100644 .Rproj.user/C3865889/saved_source_markers
 create mode 100644 .Rproj.user/C3865889/sources/prop/19AB9B65
 create mode 100644 .Rproj.user/C3865889/sources/prop/234F810C
 create mode 100644 .Rproj.user/C3865889/sources/prop/23A50E46
 create mode 100644 .Rproj.user/C3865889/sources/prop/3F88E0AC
 create mode 100644 .Rproj.user/C3865889/sources/prop/486343DA
 create mode 100644 .Rproj.user/C3865889/sources/prop/4A5DA514
 create mode 100644 .Rproj.user/C3865889/sources/prop/4D25CDE1
 create mode 100644 .Rproj.user/C3865889/sources/prop/595A6AF6
 create mode 100644 .Rproj.user/C3865889/sources/prop/85B73E4B
 create mode 100644 .Rproj.user/C3865889/sources/prop/A8F315BF
 create mode 100644 .Rproj.user/C3865889/sources/prop/ACC04465
 create mode 100644 .Rproj.user/C3865889/sources/prop/B78E320
 create mode 100644 .Rproj.user/C3865889/sources/prop/DC41EA38
 create mode 100644 .Rproj.user/C3865889/sources/prop/F7B1C42
 create mode 100644 .Rproj.user/C3865889/sources/prop/INDEX
 create mode 100644 .Rproj.user/C3865889/sources/s-82445430/124B4E6D-contents
 create mode 100644 .Rproj.user/C3865889/sources/s-82445430/3436CE60-contents
 create mode 100644 .Rproj.user/C3865889/sources/s-82445430/41999F12-contents
 create mode 100644 .Rproj.user/C3865889/sources/s-82445430/5B8144D6
 create mode 100644 .Rproj.user/C3865889/sources/s-82445430/5B8144D6-contents
 create mode 100644 .Rproj.user/C3865889/sources/s-82445430/6E12C4E1
 create mode 100644 .Rproj.user/C3865889/sources/s-82445430/6E12C4E1-contents
 create mode 100644 .Rproj.user/C3865889/sources/s-82445430/76FEB923-contents
 create mode 100644 .Rproj.user/C3865889/sources/s-82445430/7734D6D2
 create mode 100644 .Rproj.user/C3865889/sources/s-82445430/7734D6D2-contents
 create mode 100644 .Rproj.user/C3865889/sources/s-82445430/776B29AA-contents
 create mode 100644 .Rproj.user/C3865889/sources/s-82445430/789755DF-contents
 create mode 100644 .Rproj.user/C3865889/sources/s-82445430/88CC6176
 create mode 100644 .Rproj.user/C3865889/sources/s-82445430/88CC6176-contents
 create mode 100644 .Rproj.user/C3865889/sources/s-82445430/94365F85
 create mode 100644 .Rproj.user/C3865889/sources/s-82445430/94365F85-contents
 create mode 100644 .Rproj.user/C3865889/sources/s-82445430/9C8BF37E-contents
 create mode 100644 .Rproj.user/C3865889/sources/s-82445430/AB17685F-contents
 create mode 100644 .Rproj.user/C3865889/sources/s-82445430/E50C06E4-contents
 create mode 100644 .Rproj.user/C3865889/sources/s-82445430/F9CAC877-contents
 create mode 100644 .Rproj.user/C3865889/sources/s-82445430/FB343907-contents
 create mode 100644 .Rproj.user/C3865889/sources/s-82445430/FFB47090-contents
 create mode 100644 .Rproj.user/C3865889/sources/s-82445430/lock_file
 create mode 100644 .Rproj.user/shared/notebooks/F1E92AFC-days/1/s/chunks.json
 create mode 100644 .Rproj.user/shared/notebooks/patch-chunk-names
 create mode 100644 .Rproj.user/shared/notebooks/paths
 create mode 100644 DESCRIPTION
 create mode 100644 NAMESPACE
 create mode 100755 R/xaringan_reveal_parentheses_balanced.R
 create mode 100644 README.md
 create mode 100644 flipbookr.Rproj
]0;~/Google Drive/r_packages/flipbookrEvangelines-MacBook-Air:flipbookr evangelinereynolds$ git remote add origin https://github.com/EvaMaeRey/flipbookr.git
]0;~/Google Drive/r_packages/flipbookrEvangelines-MacBook-Air:flipbookr evangelinereynolds$ git push -u origin master
Counting objects: 57, done.
Delta compression using up to 4 threads.
Compressing objects:   2% (1/46)   Compressing objects:   4% (2/46)   Compressing objects:   6% (3/46)   Compressing objects:   8% (4/46)   Compressing objects:  10% (5/46)   Compressing objects:  13% (6/46)   Compressing objects:  15% (7/46)   Compressing objects:  17% (8/46)   Compressing objects:  19% (9/46)   Compressing objects:  21% (10/46)   Compressing objects:  23% (11/46)   Compressing objects:  26% (12/46)   Compressing objects:  28% (13/46)   Compressing objects:  30% (14/46)   Compressing objects:  32% (15/46)   Compressing objects:  34% (16/46)   Compressing objects:  36% (17/46)   Compressing objects:  39% (18/46)   Compressing objects:  41% (19/46)   Compressing objects:  43% (20/46)   Compressing objects:  45% (21/46)   Compressing objects:  47% (22/46)   Compressing objects:  50% (23/46)   Compressing objects:  52% (24/46)   Compressing objects:  54% (25/46)   Compressing objects:  56% (26/46)   Compressing objects:  58% (27/46)   Compressing objects:  60% (28/46)   Compressing objects:  63% (29/46)   Compressing objects:  65% (30/46)   Compressing objects:  67% (31/46)   Compressing objects:  69% (32/46)   Compressing objects:  71% (33/46)   Compressing objects:  73% (34/46)   Compressing objects:  76% (35/46)   Compressing objects:  78% (36/46)   Compressing objects:  80% (37/46)   Compressing objects:  82% (38/46)   Compressing objects:  84% (39/46)   Compressing objects:  86% (40/46)   Compressing objects:  89% (41/46)   Compressing objects:  91% (42/46)   Compressing objects:  93% (43/46)   Compressing objects:  95% (44/46)   Compressing objects:  97% (45/46)   Compressing objects: 100% (46/46)   Compressing objects: 100% (46/46), done.
Writing objects:   1% (1/57)   Writing objects:   3% (2/57)   Writing objects:   5% (3/57)   Writing objects:   7% (4/57)   Writing objects:   8% (5/57)   Writing objects:  10% (6/57)   Writing objects:  12% (7/57)   Writing objects:  14% (8/57)   Writing objects:  15% (9/57)   Writing objects:  17% (10/57)   Writing objects:  19% (11/57)   Writing objects:  21% (12/57)   Writing objects:  22% (13/57)   Writing objects:  24% (14/57)   Writing objects:  26% (15/57)   Writing objects:  28% (16/57)   Writing objects:  29% (17/57)   Writing objects:  31% (18/57)   Writing objects:  33% (19/57)   Writing objects:  35% (20/57)   Writing objects:  36% (21/57)   Writing objects:  38% (22/57)   Writing objects:  40% (23/57)   Writing objects:  42% (24/57)   Writing objects:  43% (25/57)   Writing objects:  45% (26/57)   Writing objects:  47% (27/57)   Writing objects:  49% (28/57)   Writing objects:  50% (29/57)   Writing objects:  52% (30/57)   Writing objects:  54% (31/57)   Writing objects:  56% (32/57)   Writing objects:  57% (33/57)   Writing objects:  59% (34/57)   Writing objects:  61% (35/57)   Writing objects:  63% (36/57)   Writing objects:  64% (37/57)   Writing objects:  66% (38/57)   Writing objects:  70% (40/57)   Writing objects:  71% (41/57)   Writing objects:  73% (42/57)   Writing objects:  75% (43/57)   Writing objects:  77% (44/57)   Writing objects:  78% (45/57)   Writing objects:  80% (46/57)   Writing objects:  82% (47/57)   Writing objects:  84% (48/57)   Writing objects:  85% (49/57)   Writing objects:  87% (50/57)   Writing objects:  89% (51/57)   Writing objects:  91% (52/57)   Writing objects:  92% (53/57)   Writing objects:  94% (54/57)   Writing objects:  96% (55/57)   Writing objects:  98% (56/57)   Writing objects: 100% (57/57)   Writing objects: 100% (57/57), 15.14 KiB | 262.00 KiB/s, done.
Total 57 (delta 5), reused 0 (delta 0)
remote: Resolving deltas:   0% (0/5)[Kremote: Resolving deltas:  40% (2/5)[Kremote: Resolving deltas: 100% (5/5)[Kremote: Resolving deltas: 100% (5/5), done.[K
To https://github.com/EvaMaeRey/flipbookr.git
 * [new branch]      master -> master
Branch master set up to track remote branch master from origin.
]0;~/Google Drive/r_packages/flipbookrEvangelines-MacBook-Air:flipbookr evangelinereynolds$ [KEvangelines-MacBook-Air:flipbookr evangelinereynolds$ git push -u origin masterremote add origin https://github.com/EvaMaeRey/flipbookr.git[C[C[C[C[C[C[C[C[C[C[C[C[C[C[C[C[C[C[C[C[C[C[C[C[C[C[C[C[C[C[C[C[C[C[C[C[C[C[C[C[C[C[C[C[C[C[C[C[C[C[C[C[C[C[C[C[C[C[36Pcommit -m "first commit"add .[K
]0;~/Google Drive/r_packages/flipbookrEvangelines-MacBook-Air:flipbookr evangelinereynolds$ git add .push -u origin masterremote add origin https://github.com/EvaMaeRey/flipbookr.git[C[C[C[C[C[C[C[C[C[C[C[C[C[C[C[C[C[C[C[C[C[C[C[C[C[C[C[C[C[C[C[C[C[C[C[C[C[C[C[C[C[C[C[C[C[C[C[C[C[C[C[C[C[C[C[C[C[C[39Ppush -u origin masteradd .[K[Kgit add .push -u origin masterremote add origin https://github.com/EvaMaeRey/flipbookr.git[C[C[C[C[C[C[C[C[C[C[C[C[C[C[C[C[C[C[C[C[C[C[C[C[C[C[C[C[C[C[C[C[C[C[C[C[C[C[C[C[C[C[C[C[C[C[C[C[C[C[C[C[C[C[C[C[C[C[36Pcommit -m "first commit"[1P"[1P"[1P"[1P"[1P"[1P"[1P"[1P"[1P"[1P"[1P"[1P"h"e"l"l"o"[1P"[1P"[1P"[1P"[1P"a"d"d"i"n"g" "t"e"m"p"l"a"e"[1P"t"e" "f"o"r" "m"i"n"m"i"[1P"[1P"i"m"a"l" "e"x"a"m"p"l"e"
[master efd1ff1] adding template for minimal example
 39 files changed, 1692 insertions(+), 24 deletions(-)
 create mode 100644 .Rproj.user/C3865889/sources/prop/16800092
 create mode 100644 .Rproj.user/C3865889/sources/prop/776FA8C0
 create mode 100644 .Rproj.user/C3865889/sources/prop/FF4F78EB
 create mode 100644 .Rproj.user/C3865889/sources/s-82445430/41EB3FC2
 create mode 100644 .Rproj.user/C3865889/sources/s-82445430/41EB3FC2-contents
 create mode 100644 .Rproj.user/C3865889/sources/s-82445430/48E911AF
 create mode 100644 .Rproj.user/C3865889/sources/s-82445430/48E911AF-contents
 create mode 100644 .Rproj.user/C3865889/sources/s-82445430/83D9623A
 create mode 100644 .Rproj.user/C3865889/sources/s-82445430/83D9623A-contents
 create mode 100644 .Rproj.user/C3865889/sources/s-82445430/E4F99A2
 create mode 100644 .Rproj.user/C3865889/sources/s-82445430/E4F99A2-contents
 create mode 100644 .Rproj.user/shared/notebooks/B7902E54-minimal_example/1/C386588982445430/chunks.json
 create mode 100644 .Rproj.user/shared/notebooks/B7902E54-minimal_example/1/s/chunks.json
 create mode 100644 .Rproj.user/shared/notebooks/B7902E54-minimal_example/1/s/csetup_chunk/000002.csv
 create mode 100644 R/create_minimal_example.R
 create mode 100644 inst/templates/minimal_example.Rmd
 create mode 100644 man/apply_reveal.Rd
 create mode 100644 man/calc_highlight.Rd
 create mode 100644 man/chunk_as_text.Rd
 create mode 100644 man/create_minimal_example.Rd
 create mode 100644 man/parse_chunk.Rd
 create mode 100644 man/parse_code.Rd
 create mode 100644 man/partially_knit_chunks.Rd
 create mode 100644 man/reveal_chunk.Rd
 create mode 100644 man/reveal_code.Rd
 create mode 100644 man/reveal_parsed.Rd
]0;~/Google Drive/r_packages/flipbookrEvangelines-MacBook-Air:flipbookr evangelinereynolds$ git push
Counting objects: 53, done.
Delta compression using up to 4 threads.
Compressing objects:   2% (1/47)   Compressing objects:   4% (2/47)   Compressing objects:   6% (3/47)   Compressing objects:   8% (4/47)   Compressing objects:  10% (5/47)   Compressing objects:  12% (6/47)   Compressing objects:  14% (7/47)   Compressing objects:  17% (8/47)   Compressing objects:  19% (9/47)   Compressing objects:  21% (10/47)   Compressing objects:  23% (11/47)   Compressing objects:  25% (12/47)   Compressing objects:  27% (13/47)   Compressing objects:  29% (14/47)   Compressing objects:  31% (15/47)   Compressing objects:  34% (16/47)   Compressing objects:  36% (17/47)   Compressing objects:  38% (18/47)   Compressing objects:  40% (19/47)   Compressing objects:  42% (20/47)   Compressing objects:  44% (21/47)   Compressing objects:  46% (22/47)   Compressing objects:  48% (23/47)   Compressing objects:  51% (24/47)   Compressing objects:  53% (25/47)   Compressing objects:  55% (26/47)   Compressing objects:  57% (27/47)   Compressing objects:  59% (28/47)   Compressing objects:  61% (29/47)   Compressing objects:  63% (30/47)   Compressing objects:  65% (31/47)   Compressing objects:  68% (32/47)   Compressing objects:  70% (33/47)   Compressing objects:  72% (34/47)   Compressing objects:  74% (35/47)   Compressing objects:  76% (36/47)   Compressing objects:  78% (37/47)   Compressing objects:  80% (38/47)   Compressing objects:  82% (39/47)   Compressing objects:  85% (40/47)   Compressing objects:  87% (41/47)   Compressing objects:  89% (42/47)   Compressing objects:  91% (43/47)   Compressing objects:  93% (44/47)   Compressing objects:  95% (45/47)   Compressing objects:  97% (46/47)   Compressing objects: 100% (47/47)   Compressing objects: 100% (47/47), done.
Writing objects:   1% (1/53)   Writing objects:   3% (2/53)   Writing objects:   5% (3/53)   Writing objects:   7% (4/53)   Writing objects:   9% (5/53)   Writing objects:  11% (6/53)   Writing objects:  13% (7/53)   Writing objects:  15% (8/53)   Writing objects:  16% (9/53)   Writing objects:  22% (12/53)   Writing objects:  24% (13/53)   Writing objects:  26% (14/53)   Writing objects:  28% (15/53)   Writing objects:  30% (16/53)   Writing objects:  32% (17/53)   Writing objects:  33% (18/53)   Writing objects:  35% (19/53)   Writing objects:  37% (20/53)   Writing objects:  39% (21/53)   Writing objects:  41% (22/53)   Writing objects:  43% (23/53)   Writing objects:  45% (24/53)   Writing objects:  47% (25/53)   Writing objects:  49% (26/53)   Writing objects:  50% (27/53)   Writing objects:  52% (28/53)   Writing objects:  54% (29/53)   Writing objects:  56% (30/53)   Writing objects:  58% (31/53)   Writing objects:  60% (32/53)   Writing objects:  62% (33/53)   Writing objects:  64% (34/53)   Writing objects:  66% (35/53)   Writing objects:  67% (36/53)   Writing objects:  69% (37/53)   Writing objects:  71% (38/53)   Writing objects:  73% (39/53)   Writing objects:  75% (40/53)   Writing objects:  77% (41/53)   Writing objects:  79% (42/53)   Writing objects:  81% (43/53)   Writing objects:  84% (45/53)   Writing objects:  86% (46/53)   Writing objects:  88% (47/53)   Writing objects:  90% (48/53)   Writing objects:  92% (49/53)   Writing objects:  94% (50/53)   Writing objects:  96% (51/53)   Writing objects:  98% (52/53)   Writing objects: 100% (53/53)   Writing objects: 100% (53/53), 18.51 KiB | 193.00 KiB/s, done.
Total 53 (delta 20), reused 0 (delta 0)
remote: Resolving deltas:   0% (0/20)[Kremote: Resolving deltas:  20% (4/20)[Kremote: Resolving deltas:  25% (5/20)[Kremote: Resolving deltas:  30% (6/20)[Kremote: Resolving deltas:  35% (7/20)[Kremote: Resolving deltas:  40% (8/20)[Kremote: Resolving deltas:  45% (9/20)[Kremote: Resolving deltas:  50% (10/20)[Kremote: Resolving deltas:  55% (11/20)[Kremote: Resolving deltas:  60% (12/20)[Kremote: Resolving deltas:  65% (13/20)[Kremote: Resolving deltas:  70% (14/20)[Kremote: Resolving deltas:  75% (15/20)[Kremote: Resolving deltas:  80% (16/20)[Kremote: Resolving deltas:  95% (19/20)[Kremote: Resolving deltas: 100% (20/20)[Kremote: Resolving deltas: 100% (20/20), completed with 11 local objects.[K
To https://github.com/EvaMaeRey/flipbookr.git
   c30d53b..efd1ff1  master -> master
]0;~/Google Drive/r_packages/flipbookrEvangelines-MacBook-Air:flipbookr evangelinereynolds$ [KEvangelines-MacBook-Air:flipbookr evangelinereynolds$ [KEvangelines-MacBook-Air:flipbookr evangelinereynolds$ usethis[K[K[K[K[K[K[Kgit pushcommit -m "adding template for minimal example"add .[Kpush -u origin masteradd .[K
]0;~/Google Drive/r_packages/flipbookrEvangelines-MacBook-Air:flipbookr evangelinereynolds$ git add .[1Ppushcommit -m "adding template for minimal example"[1P"[1P"[1P"[1P"[1P"[1P"[1P"[1P"[1P"[1P"[1P"[1P"[1P"[1P"[1P"[1P"[1P"[1P"[1P"[1P"[1P"[1P"[1P"[1P"[1P"[1P"[1P"[1P"[1P"[1P"[1P"[1P"[1P"[1P"[1P"r"m"a"r"k"d"o"w"n" "t"e"m"p"l"a"c"e"[1P"[1P"t"e" "-" "t"o" "[1P"[1P"[1P"[1P"[1P"i"n"s"t"e"a"d" "-" "f"o"r" "r"s"t"u"d"i"o"
[master 4d4b53b] rmarkdown template instead - for rstudio
 15 files changed, 67 insertions(+), 16 deletions(-)
 create mode 100644 .gitignore
 rename inst/{templates/minimal_example.Rmd => rmarkdown/templates/template-name/skeleton/skeleton.Rmd} (100%)
 create mode 100644 inst/rmarkdown/templates/template-name/template.yaml
]0;~/Google Drive/r_packages/flipbookrEvangelines-MacBook-Air:flipbookr evangelinereynolds$ git puw[Ksh
Counting objects: 30, done.
Delta compression using up to 4 threads.
Compressing objects:   4% (1/24)   Compressing objects:   8% (2/24)   Compressing objects:  12% (3/24)   Compressing objects:  16% (4/24)   Compressing objects:  20% (5/24)   Compressing objects:  25% (6/24)   Compressing objects:  29% (7/24)   Compressing objects:  33% (8/24)   Compressing objects:  37% (9/24)   Compressing objects:  41% (10/24)   Compressing objects:  45% (11/24)   Compressing objects:  50% (12/24)   Compressing objects:  54% (13/24)   Compressing objects:  58% (14/24)   Compressing objects:  62% (15/24)   Compressing objects:  66% (16/24)   Compressing objects:  70% (17/24)   Compressing objects:  75% (18/24)   Compressing objects:  79% (19/24)   Compressing objects:  83% (20/24)   Compressing objects:  87% (21/24)   Compressing objects:  91% (22/24)   Compressing objects:  95% (23/24)   Compressing objects: 100% (24/24)   Compressing objects: 100% (24/24), done.
Writing objects:   3% (1/30)   Writing objects:   6% (2/30)   Writing objects:  10% (3/30)   Writing objects:  13% (4/30)   Writing objects:  16% (5/30)   Writing objects:  20% (6/30)   Writing objects:  23% (7/30)   Writing objects:  26% (8/30)   Writing objects:  30% (9/30)   Writing objects:  33% (10/30)   Writing objects:  36% (11/30)   Writing objects:  40% (12/30)   Writing objects:  43% (13/30)   Writing objects:  46% (14/30)   Writing objects:  50% (15/30)   Writing objects:  53% (16/30)   Writing objects:  56% (17/30)   Writing objects:  60% (18/30)   Writing objects:  63% (19/30)   Writing objects:  66% (20/30)   Writing objects:  70% (21/30)   Writing objects:  73% (22/30)   Writing objects:  76% (23/30)   Writing objects:  80% (24/30)   Writing objects:  83% (25/30)   Writing objects:  86% (26/30)   Writing objects:  90% (27/30)   Writing objects:  93% (28/30)   Writing objects:  96% (29/30)   Writing objects: 100% (30/30)   Writing objects: 100% (30/30), 3.64 KiB | 133.00 KiB/s, done.
Total 30 (delta 17), reused 0 (delta 0)
remote: Resolving deltas:   0% (0/17)[Kremote: Resolving deltas:   5% (1/17)[Kremote: Resolving deltas:  11% (2/17)[Kremote: Resolving deltas:  17% (3/17)[Kremote: Resolving deltas:  23% (4/17)[Kremote: Resolving deltas:  29% (5/17)[Kremote: Resolving deltas:  35% (6/17)[Kremote: Resolving deltas:  41% (7/17)[Kremote: Resolving deltas:  47% (8/17)[Kremote: Resolving deltas:  52% (9/17)[Kremote: Resolving deltas:  58% (10/17)[Kremote: Resolving deltas:  64% (11/17)[Kremote: Resolving deltas:  70% (12/17)[Kremote: Resolving deltas:  76% (13/17)[Kremote: Resolving deltas:  82% (14/17)[Kremote: Resolving deltas:  88% (15/17)[Kremote: Resolving deltas:  94% (16/17)[Kremote: Resolving deltas: 100% (17/17)[Kremote: Resolving deltas: 100% (17/17), completed with 17 local objects.[K
To https://github.com/EvaMaeRey/flipbookr.git
   efd1ff1..4d4b53b  master -> master
[KEvangelines-MacBook-Air:flipbookr evangelinereynolds$ 